// Jest Snapshot v1, https://goo.gl/fbAQLP

exports[`should render ExpenseListItem with a single expense 1`] = `
<div>
  <Link
    replace={false}
    to="/edit/2"
  >
    <h3>
      Rent
    </h3>
  </Link>
  <p>
    $1,300.00
     - 
    Sat December 27th, 1969
  </p>
</div>
`;
